


78K0R Linker V1.80                            Date:16 Oct 2020 Page:   1

Command:   -yC:\Program Files (x86)\Renesas Electronics\CS+\CACX\Device\
           RL78\Devicefile -_msgoff -dRL78_BOOT_PART.dr -oDefaultBuild\I
           ntelliTap_NFC_Application_Old.lmf -gi00000000000000000000h -g
           o04h,7E00h,0 -gb7AFFF8H -mi0 -s -pDefaultBuild\IntelliTap_NFC
           _Application_Old.map C:\Program Files (x86)\Renesas Electroni
           cs\CS+\CACX\CA78K0R\V1.72\lib78k0r\s0rll.rel DefaultBuild\r_m
           ain.rel DefaultBuild\r_systeminit.rel DefaultBuild\r_cg_cgc.r
           el DefaultBuild\r_cg_cgc_user.rel DefaultBuild\r_cg_port.rel 
           DefaultBuild\r_cg_port_user.rel DefaultBuild\r_cg_serial.rel 
           DefaultBuild\r_cg_serial_user.rel DefaultBuild\r_cg_timer.rel
            DefaultBuild\r_cg_timer_user.rel DefaultBuild\r_cg_wdt.rel D
           efaultBuild\r_cg_wdt_user.rel DefaultBuild\r_miscellaneous_fu
           nctions.rel DefaultBuild\r_iic_beacon_handler.rel DefaultBuil
           d\r_aes_handler.rel DefaultBuild\r_module_handler.rel Default
           Build\r_nfc_handler.rel DefaultBuild\r_iso14443_handler.rel D
           efaultBuild\r_iso15693_handler.rel DefaultBuild\r_acl_handler
           .rel -bFSL\fsl.lib -bPFDL\pfdl.lib -bcl78m -bcl78mf -iC:\Prog
           ram Files (x86)\Renesas Electronics\CS+\CACX\CA78K0R\V1.72\li
           b78k0r
Para-file:
Out-file:  DefaultBuild\IntelliTap_NFC_Application_Old.lmf
Map-file:  DefaultBuild\IntelliTap_NFC_Application_Old.map
Direc-file:RL78_BOOT_PART.dr
Directive: ;Standard ROM Allocations
           MEMORY D_ROM            :(000000H , 0000C0H)
           MEMORY CSEG0B0          :(0000C0H , 000004H)
           MEMORY OCDSTAD          :(0000CEH , 00000AH)
           
           ;ROM Allocations
           MEMORY ROM              :(003800H , 004000H)    ;40kB User Ap
           plication Space
           MEMORY OCDROM           :(007C00H , 000400H)    ;On-Chip Debu
           gger Space
           
           MERGE @@VECT00 := D_ROM
           
           ;RAM Area Allocations
           MEMORY RAM              :(0FEF00H , 000D00H)
           MEMORY VECTOR_TABLE     :(0FFC00H , 000200H)
           MEMORY RAM_SADDR        :(0FFE00H , 0000FFH)


*** Link information ***

    48 output segment(s)
 3C48H byte(s) real data
  4507 symbol(s) defined


*** Memory map ***


  SPACE=REGULAR

  MEMORY=D_ROM
  BASE ADDRESS=00000H   SIZE=000C0H
         OUTPUT   INPUT    INPUT      BASE      SIZE
         SEGMENT  SEGMENT  MODULE     ADDRESS
         @@VECT00                     00000H    00002H  CSEG AT
                  @@VECT00 @cstart    00000H    00002H
         ??NMIROM                     00002H    00002H  CSEG
* gap *                               00004H    0001AH
         @@VECT1E                     0001EH    00004H  CSEG AT
                  @@VECT1E r_cg_serial_user
                                      0001EH    00004H
* gap *                               00022H    00004H
         @@VECT26                     00026H    00002H  CSEG AT
                  @@VECT26 r_cg_serial_user
                                      00026H    00002H
* gap *                               00028H    00002H
         @@VECT2A                     0002AH    00002H  CSEG AT
                  @@VECT2A r_cg_serial_user
                                      0002AH    00002H
         @@VECT2C                     0002CH    00002H  CSEG AT
                  @@VECT2C r_cg_timer_user
                                      0002CH    00002H
* gap *                               0002EH    00092H

  MEMORY=CSEG0B0
  BASE ADDRESS=000C0H   SIZE=00004H
         OUTPUT   INPUT    INPUT      BASE      SIZE
         SEGMENT  SEGMENT  MODULE     ADDRESS
         ?CSEGOB0                     000C0H    00004H  CSEG OPT_BYTE
         @@CODE                       000C4H    00000H  CSEG BASE
                  @@CODE   r_main     000C4H    00000H
                  @@CODE   r_systeminit
                                      000C4H    00000H
                  @@CODE   r_cg_cgc   000C4H    00000H
                  @@CODE   r_cg_cgc_user
                                      000C4H    00000H
                  @@CODE   r_cg_port
                                      000C4H    00000H
                  @@CODE   r_cg_port_user
                                      000C4H    00000H
                  @@CODE   r_cg_serial
                                      000C4H    00000H
                  @@CODE   r_cg_serial_user
                                      000C4H    00000H
                  @@CODE   r_cg_timer
                                      000C4H    00000H
                  @@CODE   r_cg_timer_user
                                      000C4H    00000H
                  @@CODE   r_cg_wdt   000C4H    00000H
                  @@CODE   r_cg_wdt_user
                                      000C4H    00000H
                  @@CODE   r_miscellaneous_functions
                                      000C4H    00000H
                  @@CODE   r_iic_beacon_handler
                                      000C4H    00000H
                  @@CODE   r_aes_handler
                                      000C4H    00000H
                  @@CODE   r_module_handler
                                      000C4H    00000H
                  @@CODE   r_nfc_handler
                                      000C4H    00000H
                  @@CODE   r_iso14443_handler
                                      000C4H    00000H
                  @@CODE   r_iso15693_handler
                                      000C4H    00000H
                  @@CODE   r_acl_handler
                                      000C4H    00000H

  MEMORY=OCDSTAD
  BASE ADDRESS=000CEH   SIZE=0000AH
         OUTPUT   INPUT    INPUT      BASE      SIZE
         SEGMENT  SEGMENT  MODULE     ADDRESS
         ?OCDSTAD                     000CEH    0000AH  CSEG

  MEMORY=ROM
  BASE ADDRESS=03800H   SIZE=04000H
         OUTPUT   INPUT    INPUT      BASE      SIZE
         SEGMENT  SEGMENT  MODULE     ADDRESS
         @@CNST                       03800H    002CEH  CSEG MIRRORP
                  @@CNST   @cstart    03800H    00000H
                  @@CNST   r_main     03800H    00028H
                  @@CNST   r_systeminit
                                      03828H    00000H
                  @@CNST   r_cg_cgc   03828H    00000H
                  @@CNST   r_cg_cgc_user
                                      03828H    00000H
                  @@CNST   r_cg_port
                                      03828H    00000H
                  @@CNST   r_cg_port_user
                                      03828H    00000H
                  @@CNST   r_cg_serial
                                      03828H    00000H
                  @@CNST   r_cg_serial_user
                                      03828H    00008H
                  @@CNST   r_cg_timer
                                      03830H    00000H
                  @@CNST   r_cg_timer_user
                                      03830H    00000H
                  @@CNST   r_cg_wdt   03830H    00000H
                  @@CNST   r_cg_wdt_user
                                      03830H    00000H
                  @@CNST   r_miscellaneous_functions
                                      03830H    00000H
                  @@CNST   r_iic_beacon_handler
                                      03830H    0000AH
                  @@CNST   r_aes_handler
                                      0383AH    0020CH
                  @@CNST   r_module_handler
                                      03A46H    00000H
                  @@CNST   r_nfc_handler
                                      03A46H    00004H
                  @@CNST   r_iso14443_handler
                                      03A4AH    0006CH
                  @@CNST   r_iso15693_handler
                                      03AB6H    00018H
                  @@CNST   r_acl_handler
                                      03ACEH    00000H
         @@LCODE                      03ACEH    000E5H  CSEG BASE
                  @@LCODE  @cstart    03ACEH    000ADH
                  @@LCODE  @divuw     03B7BH    00017H
                  @@LCODE  @lmul      03B92H    00021H
         @@BASE                       03BB3H    001EAH  CSEG BASE
                  @@BASE   r_main     03BB3H    00000H
                  @@BASE   r_systeminit
                                      03BB3H    00000H
                  @@BASE   r_cg_cgc   03BB3H    00000H
                  @@BASE   r_cg_cgc_user
                                      03BB3H    00000H
                  @@BASE   r_cg_port
                                      03BB3H    00000H
                  @@BASE   r_cg_port_user
                                      03BB3H    00000H
                  @@BASE   r_cg_serial
                                      03BB3H    00000H
                  @@BASE   r_cg_serial_user
                                      03BB3H    00193H
                  @@BASE   r_cg_timer
                                      03D46H    00000H
                  @@BASE   r_cg_timer_user
                                      03D46H    00057H
                  @@BASE   r_cg_wdt   03D9DH    00000H
                  @@BASE   r_cg_wdt_user
                                      03D9DH    00000H
                  @@BASE   r_miscellaneous_functions
                                      03D9DH    00000H
                  @@BASE   r_iic_beacon_handler
                                      03D9DH    00000H
                  @@BASE   r_aes_handler
                                      03D9DH    00000H
                  @@BASE   r_module_handler
                                      03D9DH    00000H
                  @@BASE   r_nfc_handler
                                      03D9DH    00000H
                  @@BASE   r_iso14443_handler
                                      03D9DH    00000H
                  @@BASE   r_iso15693_handler
                                      03D9DH    00000H
                  @@BASE   r_acl_handler
                                      03D9DH    00000H
         @@CNSTL                      03D9DH    00000H  CSEG PAGE64KP
                  @@CNSTL  @cstart    03D9DH    00000H
         @@CNSTL                      03D9DH    00000H  CSEG PAGE64KP
                  @@CNSTL  r_main     03D9DH    00000H
         @@CNSTL                      03D9DH    00000H  CSEG PAGE64KP
                  @@CNSTL  r_systeminit
                                      03D9DH    00000H
         @@CNSTL                      03D9DH    00000H  CSEG PAGE64KP
                  @@CNSTL  r_cg_cgc   03D9DH    00000H
         @@CNSTL                      03D9DH    00000H  CSEG PAGE64KP
                  @@CNSTL  r_cg_cgc_user
                                      03D9DH    00000H
         @@CNSTL                      03D9DH    00000H  CSEG PAGE64KP
                  @@CNSTL  r_cg_port
                                      03D9DH    00000H
         @@CNSTL                      03D9DH    00000H  CSEG PAGE64KP
                  @@CNSTL  r_cg_port_user
                                      03D9DH    00000H
         @@CNSTL                      03D9DH    00000H  CSEG PAGE64KP
                  @@CNSTL  r_cg_serial
                                      03D9DH    00000H
         @@CNSTL                      03D9DH    00000H  CSEG PAGE64KP
                  @@CNSTL  r_cg_serial_user
                                      03D9DH    00000H
         @@CNSTL                      03D9DH    00000H  CSEG PAGE64KP
                  @@CNSTL  r_cg_timer
                                      03D9DH    00000H
         @@CNSTL                      03D9DH    00000H  CSEG PAGE64KP
                  @@CNSTL  r_cg_timer_user
                                      03D9DH    00000H
         @@CNSTL                      03D9DH    00000H  CSEG PAGE64KP
                  @@CNSTL  r_cg_wdt   03D9DH    00000H
         @@CNSTL                      03D9DH    00000H  CSEG PAGE64KP
                  @@CNSTL  r_cg_wdt_user
                                      03D9DH    00000H
         @@CNSTL                      03D9DH    00000H  CSEG PAGE64KP
                  @@CNSTL  r_miscellaneous_functions
                                      03D9DH    00000H
         @@CNSTL                      03D9DH    00000H  CSEG PAGE64KP
                  @@CNSTL  r_iic_beacon_handler
                                      03D9DH    00000H
         @@CNSTL                      03D9DH    00000H  CSEG PAGE64KP
                  @@CNSTL  r_aes_handler
                                      03D9DH    00000H
         @@CNSTL                      03D9DH    00000H  CSEG PAGE64KP
                  @@CNSTL  r_module_handler
                                      03D9DH    00000H
         @@CNSTL                      03D9DH    00000H  CSEG PAGE64KP
                  @@CNSTL  r_nfc_handler
                                      03D9DH    00000H
         @@CNSTL                      03D9DH    00000H  CSEG PAGE64KP
                  @@CNSTL  r_iso14443_handler
                                      03D9DH    00000H
         @@CNSTL                      03D9DH    00000H  CSEG PAGE64KP
                  @@CNSTL  r_iso15693_handler
                                      03D9DH    00000H
         @@CNSTL                      03D9DH    00000H  CSEG PAGE64KP
                  @@CNSTL  r_acl_handler
                                      03D9DH    00000H
         @@RLINIT                     03D9DH    00000H  CSEG UNIT64KP
                  @@RLINIT @cstart    03D9DH    00000H
                  @@RLINIT r_main     03D9DH    00000H
                  @@RLINIT r_systeminit
                                      03D9DH    00000H
                  @@RLINIT r_cg_cgc   03D9DH    00000H
                  @@RLINIT r_cg_cgc_user
                                      03D9DH    00000H
                  @@RLINIT r_cg_port
                                      03D9DH    00000H
                  @@RLINIT r_cg_port_user
                                      03D9DH    00000H
                  @@RLINIT r_cg_serial
                                      03D9DH    00000H
                  @@RLINIT r_cg_serial_user
                                      03D9DH    00000H
                  @@RLINIT r_cg_timer
                                      03D9DH    00000H
                  @@RLINIT r_cg_timer_user
                                      03D9DH    00000H
                  @@RLINIT r_cg_wdt   03D9DH    00000H
                  @@RLINIT r_cg_wdt_user
                                      03D9DH    00000H
                  @@RLINIT r_miscellaneous_functions
                                      03D9DH    00000H
                  @@RLINIT r_iic_beacon_handler
                                      03D9DH    00000H
                  @@RLINIT r_aes_handler
                                      03D9DH    00000H
                  @@RLINIT r_module_handler
                                      03D9DH    00000H
                  @@RLINIT r_nfc_handler
                                      03D9DH    00000H
                  @@RLINIT r_iso14443_handler
                                      03D9DH    00000H
                  @@RLINIT r_iso15693_handler
                                      03D9DH    00000H
                  @@RLINIT r_acl_handler
                                      03D9DH    00000H
                  @@RLINIT @rom       03D9DH    00000H
         @@R_INIS                     03D9DH    00000H  CSEG UNIT64KP
                  @@R_INIS @cstart    03D9DH    00000H
                  @@R_INIS r_main     03D9DH    00000H
                  @@R_INIS r_systeminit
                                      03D9DH    00000H
                  @@R_INIS r_cg_cgc   03D9DH    00000H
                  @@R_INIS r_cg_cgc_user
                                      03D9DH    00000H
                  @@R_INIS r_cg_port
                                      03D9DH    00000H
                  @@R_INIS r_cg_port_user
                                      03D9DH    00000H
                  @@R_INIS r_cg_serial
                                      03D9DH    00000H
                  @@R_INIS r_cg_serial_user
                                      03D9DH    00000H
                  @@R_INIS r_cg_timer
                                      03D9DH    00000H
                  @@R_INIS r_cg_timer_user
                                      03D9DH    00000H
                  @@R_INIS r_cg_wdt   03D9DH    00000H
                  @@R_INIS r_cg_wdt_user
                                      03D9DH    00000H
                  @@R_INIS r_miscellaneous_functions
                                      03D9DH    00000H
                  @@R_INIS r_iic_beacon_handler
                                      03D9DH    00000H
                  @@R_INIS r_aes_handler
                                      03D9DH    00000H
                  @@R_INIS r_module_handler
                                      03D9DH    00000H
                  @@R_INIS r_nfc_handler
                                      03D9DH    00000H
                  @@R_INIS r_iso14443_handler
                                      03D9DH    00000H
                  @@R_INIS r_iso15693_handler
                                      03D9DH    00000H
                  @@R_INIS r_acl_handler
                                      03D9DH    00000H
                  @@R_INIS @rom       03D9DH    00000H
         @@CALT                       03D9DH    00000H  CSEG
                  @@CALT   @cstart    03D9DH    00000H
                  @@CALT   r_main     03D9DH    00000H
                  @@CALT   r_systeminit
                                      03D9DH    00000H
                  @@CALT   r_cg_cgc   03D9DH    00000H
                  @@CALT   r_cg_cgc_user
                                      03D9DH    00000H
                  @@CALT   r_cg_port
                                      03D9DH    00000H
                  @@CALT   r_cg_port_user
                                      03D9DH    00000H
                  @@CALT   r_cg_serial
                                      03D9DH    00000H
                  @@CALT   r_cg_serial_user
                                      03D9DH    00000H
                  @@CALT   r_cg_timer
                                      03D9DH    00000H
                  @@CALT   r_cg_timer_user
                                      03D9DH    00000H
                  @@CALT   r_cg_wdt   03D9DH    00000H
                  @@CALT   r_cg_wdt_user
                                      03D9DH    00000H
                  @@CALT   r_miscellaneous_functions
                                      03D9DH    00000H
                  @@CALT   r_iic_beacon_handler
                                      03D9DH    00000H
                  @@CALT   r_aes_handler
                                      03D9DH    00000H
                  @@CALT   r_module_handler
                                      03D9DH    00000H
                  @@CALT   r_nfc_handler
                                      03D9DH    00000H
                  @@CALT   r_iso14443_handler
                                      03D9DH    00000H
                  @@CALT   r_iso15693_handler
                                      03D9DH    00000H
                  @@CALT   r_acl_handler
                                      03D9DH    00000H
* gap *                               03D9DH    00001H
         @@R_INIT                     03D9EH    00006H  CSEG UNIT64KP
                  @@R_INIT @cstart    03D9EH    00000H
                  @@R_INIT r_main     03D9EH    00002H
                  @@R_INIT r_systeminit
                                      03DA0H    00000H
                  @@R_INIT r_cg_cgc   03DA0H    00000H
                  @@R_INIT r_cg_cgc_user
                                      03DA0H    00000H
                  @@R_INIT r_cg_port
                                      03DA0H    00000H
                  @@R_INIT r_cg_port_user
                                      03DA0H    00000H
                  @@R_INIT r_cg_serial
                                      03DA0H    00000H
                  @@R_INIT r_cg_serial_user
                                      03DA0H    00000H
                  @@R_INIT r_cg_timer
                                      03DA0H    00000H
                  @@R_INIT r_cg_timer_user
                                      03DA0H    00002H
                  @@R_INIT r_cg_wdt   03DA2H    00000H
                  @@R_INIT r_cg_wdt_user
                                      03DA2H    00000H
                  @@R_INIT r_miscellaneous_functions
                                      03DA2H    00000H
                  @@R_INIT r_iic_beacon_handler
                                      03DA2H    00002H
                  @@R_INIT r_aes_handler
                                      03DA4H    00000H
                  @@R_INIT r_module_handler
                                      03DA4H    00000H
                  @@R_INIT r_nfc_handler
                                      03DA4H    00000H
                  @@R_INIT r_iso14443_handler
                                      03DA4H    00000H
                  @@R_INIT r_iso15693_handler
                                      03DA4H    00000H
                  @@R_INIT r_acl_handler
                                      03DA4H    00000H
                  @@R_INIT @rom       03DA4H    00000H
         @@CODEL                      03DA4H    0358FH  CSEG
                  @@CODEL  r_main     03DA4H    00144H
                  @@CODEL  r_systeminit
                                      03EE8H    00047H
                  @@CODEL  r_cg_cgc   03F2FH    00010H
                  @@CODEL  r_cg_cgc_user
                                      03F3FH    00005H
                  @@CODEL  r_cg_port
                                      03F44H    0001BH
                  @@CODEL  r_cg_port_user
                                      03F5FH    00000H
                  @@CODEL  r_cg_serial
                                      03F5FH    002B2H
                  @@CODEL  r_cg_serial_user
                                      04211H    001A8H
                  @@CODEL  r_cg_timer
                                      043B9H    00077H
                  @@CODEL  r_cg_timer_user
                                      04430H    00000H
                  @@CODEL  r_cg_wdt   04430H    0000BH
                  @@CODEL  r_cg_wdt_user
                                      0443BH    00000H
                  @@CODEL  r_miscellaneous_functions
                                      0443BH    00111H
                  @@CODEL  r_iic_beacon_handler
                                      0454CH    00414H
                  @@CODEL  r_aes_handler
                                      04960H    00A88H
                  @@CODEL  r_module_handler
                                      053E8H    0071AH
                  @@CODEL  r_nfc_handler
                                      05B02H    0014CH
                  @@CODEL  r_iso14443_handler
                                      05C4EH    0063CH
                  @@CODEL  r_iso15693_handler
                                      0628AH    000F2H
                  @@CODEL  r_acl_handler
                                      0637CH    00FB7H
         @@LCODEL                     07333H    000FAH  CSEG
                  @@LCODEL @stkinit   07333H    00044H
                  @@LCODEL exit       07377H    0001CH
                  @@LCODEL rand       07393H    00040H
                  @@LCODEL srand      073D3H    00008H
                  @@LCODEL memcpy_n   073DBH    0001AH
                  @@LCODEL memcmp_n   073F5H    0001FH
                  @@LCODEL memset_n   07414H    00019H
* gap *                               0742DH    003D3H

  MEMORY=OCDROM
  BASE ADDRESS=07C00H   SIZE=00400H
         OUTPUT   INPUT    INPUT      BASE      SIZE
         SEGMENT  SEGMENT  MODULE     ADDRESS
* gap *                               07C00H    00400H

  MEMORY=RAM
  BASE ADDRESS=FEF00H   SIZE=00D00H
         OUTPUT   INPUT    INPUT      BASE      SIZE
         SEGMENT  SEGMENT  MODULE     ADDRESS
         @@DATA                       FEF00H    00C5AH  DSEG BASEP
                  @@DATA   @cstart    FEF00H    000BAH
                  @@DATA   r_main     FEFBAH    00B76H
                  @@DATA   r_systeminit
                                      FFB30H    00000H
                  @@DATA   r_cg_cgc   FFB30H    00000H
                  @@DATA   r_cg_cgc_user
                                      FFB30H    00000H
                  @@DATA   r_cg_port
                                      FFB30H    00000H
                  @@DATA   r_cg_port_user
                                      FFB30H    00000H
                  @@DATA   r_cg_serial
                                      FFB30H    00022H
                  @@DATA   r_cg_serial_user
                                      FFB52H    00000H
                  @@DATA   r_cg_timer
                                      FFB52H    00000H
                  @@DATA   r_cg_timer_user
                                      FFB52H    00000H
                  @@DATA   r_cg_wdt   FFB52H    00000H
                  @@DATA   r_cg_wdt_user
                                      FFB52H    00000H
                  @@DATA   r_miscellaneous_functions
                                      FFB52H    00000H
                  @@DATA   r_iic_beacon_handler
                                      FFB52H    00000H
                  @@DATA   r_aes_handler
                                      FFB52H    00000H
                  @@DATA   r_module_handler
                                      FFB52H    00000H
                  @@DATA   r_nfc_handler
                                      FFB52H    00008H
                  @@DATA   r_iso14443_handler
                                      FFB5AH    00000H
                  @@DATA   r_iso15693_handler
                                      FFB5AH    00000H
                  @@DATA   r_acl_handler
                                      FFB5AH    00000H
                  @@DATA   @rom       FFB5AH    00000H
         @@INIT                       FFB5AH    00006H  DSEG BASEP
                  @@INIT   @cstart    FFB5AH    00000H
                  @@INIT   r_main     FFB5AH    00002H
                  @@INIT   r_systeminit
                                      FFB5CH    00000H
                  @@INIT   r_cg_cgc   FFB5CH    00000H
                  @@INIT   r_cg_cgc_user
                                      FFB5CH    00000H
                  @@INIT   r_cg_port
                                      FFB5CH    00000H
                  @@INIT   r_cg_port_user
                                      FFB5CH    00000H
                  @@INIT   r_cg_serial
                                      FFB5CH    00000H
                  @@INIT   r_cg_serial_user
                                      FFB5CH    00000H
                  @@INIT   r_cg_timer
                                      FFB5CH    00000H
                  @@INIT   r_cg_timer_user
                                      FFB5CH    00002H
                  @@INIT   r_cg_wdt   FFB5EH    00000H
                  @@INIT   r_cg_wdt_user
                                      FFB5EH    00000H
                  @@INIT   r_miscellaneous_functions
                                      FFB5EH    00000H
                  @@INIT   r_iic_beacon_handler
                                      FFB5EH    00002H
                  @@INIT   r_aes_handler
                                      FFB60H    00000H
                  @@INIT   r_module_handler
                                      FFB60H    00000H
                  @@INIT   r_nfc_handler
                                      FFB60H    00000H
                  @@INIT   r_iso14443_handler
                                      FFB60H    00000H
                  @@INIT   r_iso15693_handler
                                      FFB60H    00000H
                  @@INIT   r_acl_handler
                                      FFB60H    00000H
                  @@INIT   @rom       FFB60H    00000H
         @@INIS                       FFB60H    00000H  DSEG UNITP
                  @@INIS   @cstart    FFB60H    00000H
                  @@INIS   r_main     FFB60H    00000H
                  @@INIS   r_systeminit
                                      FFB60H    00000H
                  @@INIS   r_cg_cgc   FFB60H    00000H
                  @@INIS   r_cg_cgc_user
                                      FFB60H    00000H
                  @@INIS   r_cg_port
                                      FFB60H    00000H
                  @@INIS   r_cg_port_user
                                      FFB60H    00000H
                  @@INIS   r_cg_serial
                                      FFB60H    00000H
                  @@INIS   r_cg_serial_user
                                      FFB60H    00000H
                  @@INIS   r_cg_timer
                                      FFB60H    00000H
                  @@INIS   r_cg_timer_user
                                      FFB60H    00000H
                  @@INIS   r_cg_wdt   FFB60H    00000H
                  @@INIS   r_cg_wdt_user
                                      FFB60H    00000H
                  @@INIS   r_miscellaneous_functions
                                      FFB60H    00000H
                  @@INIS   r_iic_beacon_handler
                                      FFB60H    00000H
                  @@INIS   r_aes_handler
                                      FFB60H    00000H
                  @@INIS   r_module_handler
                                      FFB60H    00000H
                  @@INIS   r_nfc_handler
                                      FFB60H    00000H
                  @@INIS   r_iso14443_handler
                                      FFB60H    00000H
                  @@INIS   r_iso15693_handler
                                      FFB60H    00000H
                  @@INIS   r_acl_handler
                                      FFB60H    00000H
                  @@INIS   @rom       FFB60H    00000H
         @@DATS                       FFB60H    00000H  DSEG UNITP
                  @@DATS   @cstart    FFB60H    00000H
                  @@DATS   r_main     FFB60H    00000H
                  @@DATS   r_systeminit
                                      FFB60H    00000H
                  @@DATS   r_cg_cgc   FFB60H    00000H
                  @@DATS   r_cg_cgc_user
                                      FFB60H    00000H
                  @@DATS   r_cg_port
                                      FFB60H    00000H
                  @@DATS   r_cg_port_user
                                      FFB60H    00000H
                  @@DATS   r_cg_serial
                                      FFB60H    00000H
                  @@DATS   r_cg_serial_user
                                      FFB60H    00000H
                  @@DATS   r_cg_timer
                                      FFB60H    00000H
                  @@DATS   r_cg_timer_user
                                      FFB60H    00000H
                  @@DATS   r_cg_wdt   FFB60H    00000H
                  @@DATS   r_cg_wdt_user
                                      FFB60H    00000H
                  @@DATS   r_miscellaneous_functions
                                      FFB60H    00000H
                  @@DATS   r_iic_beacon_handler
                                      FFB60H    00000H
                  @@DATS   r_aes_handler
                                      FFB60H    00000H
                  @@DATS   r_module_handler
                                      FFB60H    00000H
                  @@DATS   r_nfc_handler
                                      FFB60H    00000H
                  @@DATS   r_iso14443_handler
                                      FFB60H    00000H
                  @@DATS   r_iso15693_handler
                                      FFB60H    00000H
                  @@DATS   r_acl_handler
                                      FFB60H    00000H
                  @@DATS   @rom       FFB60H    00000H
         @@INITL                      FFB60H    00000H  DSEG UNIT64KP
                  @@INITL  @cstart    FFB60H    00000H
                  @@INITL  r_main     FFB60H    00000H
                  @@INITL  r_systeminit
                                      FFB60H    00000H
                  @@INITL  r_cg_cgc   FFB60H    00000H
                  @@INITL  r_cg_cgc_user
                                      FFB60H    00000H
                  @@INITL  r_cg_port
                                      FFB60H    00000H
                  @@INITL  r_cg_port_user
                                      FFB60H    00000H
                  @@INITL  r_cg_serial
                                      FFB60H    00000H
                  @@INITL  r_cg_serial_user
                                      FFB60H    00000H
                  @@INITL  r_cg_timer
                                      FFB60H    00000H
                  @@INITL  r_cg_timer_user
                                      FFB60H    00000H
                  @@INITL  r_cg_wdt   FFB60H    00000H
                  @@INITL  r_cg_wdt_user
                                      FFB60H    00000H
                  @@INITL  r_miscellaneous_functions
                                      FFB60H    00000H
                  @@INITL  r_iic_beacon_handler
                                      FFB60H    00000H
                  @@INITL  r_aes_handler
                                      FFB60H    00000H
                  @@INITL  r_module_handler
                                      FFB60H    00000H
                  @@INITL  r_nfc_handler
                                      FFB60H    00000H
                  @@INITL  r_iso14443_handler
                                      FFB60H    00000H
                  @@INITL  r_iso15693_handler
                                      FFB60H    00000H
                  @@INITL  r_acl_handler
                                      FFB60H    00000H
                  @@INITL  @rom       FFB60H    00000H
         @@DATAL                      FFB60H    00000H  DSEG UNIT64KP
                  @@DATAL  @cstart    FFB60H    00000H
                  @@DATAL  r_main     FFB60H    00000H
                  @@DATAL  r_systeminit
                                      FFB60H    00000H
                  @@DATAL  r_cg_cgc   FFB60H    00000H
                  @@DATAL  r_cg_cgc_user
                                      FFB60H    00000H
                  @@DATAL  r_cg_port
                                      FFB60H    00000H
                  @@DATAL  r_cg_port_user
                                      FFB60H    00000H
                  @@DATAL  r_cg_serial
                                      FFB60H    00000H
                  @@DATAL  r_cg_serial_user
                                      FFB60H    00000H
                  @@DATAL  r_cg_timer
                                      FFB60H    00000H
                  @@DATAL  r_cg_timer_user
                                      FFB60H    00000H
                  @@DATAL  r_cg_wdt   FFB60H    00000H
                  @@DATAL  r_cg_wdt_user
                                      FFB60H    00000H
                  @@DATAL  r_miscellaneous_functions
                                      FFB60H    00000H
                  @@DATAL  r_iic_beacon_handler
                                      FFB60H    00000H
                  @@DATAL  r_aes_handler
                                      FFB60H    00000H
                  @@DATAL  r_module_handler
                                      FFB60H    00000H
                  @@DATAL  r_nfc_handler
                                      FFB60H    00000H
                  @@DATAL  r_iso14443_handler
                                      FFB60H    00000H
                  @@DATAL  r_iso15693_handler
                                      FFB60H    00000H
                  @@DATAL  r_acl_handler
                                      FFB60H    00000H
                  @@DATAL  @rom       FFB60H    00000H
         @@BITS                       FFB60H    00000H  BSEG
                  @@BITS   @cstart    FFB60H.0  00000H.0
                  @@BITS   r_main     FFB60H.0  00000H.0
                  @@BITS   r_systeminit
                                      FFB60H.0  00000H.0
                  @@BITS   r_cg_cgc   FFB60H.0  00000H.0
                  @@BITS   r_cg_cgc_user
                                      FFB60H.0  00000H.0
                  @@BITS   r_cg_port
                                      FFB60H.0  00000H.0
                  @@BITS   r_cg_port_user
                                      FFB60H.0  00000H.0
                  @@BITS   r_cg_serial
                                      FFB60H.0  00000H.0
                  @@BITS   r_cg_serial_user
                                      FFB60H.0  00000H.0
                  @@BITS   r_cg_timer
                                      FFB60H.0  00000H.0
                  @@BITS   r_cg_timer_user
                                      FFB60H.0  00000H.0
                  @@BITS   r_cg_wdt   FFB60H.0  00000H.0
                  @@BITS   r_cg_wdt_user
                                      FFB60H.0  00000H.0
                  @@BITS   r_miscellaneous_functions
                                      FFB60H.0  00000H.0
                  @@BITS   r_iic_beacon_handler
                                      FFB60H.0  00000H.0
                  @@BITS   r_aes_handler
                                      FFB60H.0  00000H.0
                  @@BITS   r_module_handler
                                      FFB60H.0  00000H.0
                  @@BITS   r_nfc_handler
                                      FFB60H.0  00000H.0
                  @@BITS   r_iso14443_handler
                                      FFB60H.0  00000H.0
                  @@BITS   r_iso15693_handler
                                      FFB60H.0  00000H.0
                  @@BITS   r_acl_handler
                                      FFB60H.0  00000H.0
* gap *                               FFB60H    000A0H

  MEMORY=VECTOR_TABLE
  BASE ADDRESS=FFC00H   SIZE=00200H
         OUTPUT   INPUT    INPUT      BASE      SIZE
         SEGMENT  SEGMENT  MODULE     ADDRESS
* gap *                               FFC00H    00200H

  MEMORY=RAM_SADDR
  BASE ADDRESS=FFE00H   SIZE=000FFH
         OUTPUT   INPUT    INPUT      BASE      SIZE
         SEGMENT  SEGMENT  MODULE     ADDRESS
* gap *                               FFE00H    000D4H
         @@SEGREG                     FFED4H    00004H  DSEG AT
                  @@SEGREG @SEGREG    FFED4H    00004H
         @@RTARG0                     FFED8H    00008H  DSEG AT
                  @@RTARG0 @RTARG0    FFED8H    00008H
* gap *                               FFEE0H    0001FH


 Target chip : R5F104BC
 Device file : V2.30
